[36mvite v4.5.14 [32mbuilding for production...[36m[39m
transforming...
[32mΓ£ô[39m 6029 modules transformed.
rendering chunks...
computing gzip size...
[2mdist/[22m[32mindex.html                                       [39m[1m[2m    1.21 kB[22m[1m[22m[2m Γöé gzip:   0.54 kB[22m
[2mdist/[22m[32massets/codicon-8b349ebc.ttf                      [39m[1m[2m   73.62 kB[22m[1m[22m
[2mdist/[22m[32massets/editor.worker-60ba9509.js                 [39m[1m[2m  209.33 kB[22m[1m[22m
[2mdist/[22m[32massets/json.worker-842d03fb.js                   [39m[1m[2m  337.71 kB[22m[1m[22m
[2mdist/[22m[32massets/html.worker-0c8d566e.js                   [39m[1m[2m  643.29 kB[22m[1m[22m
[2mdist/[22m[32massets/css.worker-e6bc9232.js                    [39m[1m[2m  983.62 kB[22m[1m[22m
[2mdist/[22m[32massets/ts.worker-0cdb1496.js                     [39m[1m[2m4,841.12 kB[22m[1m[22m
[2mdist/[22m[35massets/index-b998d170.css                        [39m[1m[2m   50.67 kB[22m[1m[22m[2m Γöé gzip:   9.15 kB[22m
[2mdist/[22m[35massets/monaco-editor-d4bacc5a.css                [39m[1m[2m  113.06 kB[22m[1m[22m[2m Γöé gzip:  18.41 kB[22m
[2mdist/[22m[36massets/clone-3b98a608.js                         [39m[1m[2m    0.09 kB[22m[1m[22m[2m Γöé gzip:   0.11 kB[22m
[2mdist/[22m[36massets/chunk-QZHKN3VN-807fef58.js                [39m[1m[2m    0.19 kB[22m[1m[22m[2m Γöé gzip:   0.16 kB[22m
[2mdist/[22m[36massets/chunk-4BX2VUAB-7d73ea4c.js                [39m[1m[2m    0.22 kB[22m[1m[22m[2m Γöé gzip:   0.17 kB[22m
[2mdist/[22m[36massets/chunk-55IACEB6-287f9306.js                [39m[1m[2m    0.23 kB[22m[1m[22m[2m Γöé gzip:   0.20 kB[22m
[2mdist/[22m[36massets/info-NVLQJR56-b35f4775.js                 [39m[1m[2m    0.27 kB[22m[1m[22m[2m Γöé gzip:   0.19 kB[22m
[2mdist/[22m[36massets/pie-7BOR55EZ-9e67654b.js                  [39m[1m[2m    0.27 kB[22m[1m[22m[2m Γöé gzip:   0.20 kB[22m
[2mdist/[22m[36massets/radar-NHE76QYJ-1bcf6744.js                [39m[1m[2m    0.27 kB[22m[1m[22m[2m Γöé gzip:   0.20 kB[22m
[2mdist/[22m[36massets/packet-BFZMPI3H-88d8bf0a.js               [39m[1m[2m    0.27 kB[22m[1m[22m[2m Γöé gzip:   0.20 kB[22m
[2mdist/[22m[36massets/treemap-KMMF4GRG-c4700c7c.js              [39m[1m[2m    0.28 kB[22m[1m[22m[2m Γöé gzip:   0.20 kB[22m
[2mdist/[22m[36massets/gitGraph-F6HP7TQM-a4f117cc.js             [39m[1m[2m    0.28 kB[22m[1m[22m[2m Γöé gzip:   0.20 kB[22m
[2mdist/[22m[36massets/architecture-U656AL7Q-f296a946.js         [39m[1m[2m    0.29 kB[22m[1m[22m[2m Γöé gzip:   0.20 kB[22m
[2mdist/[22m[36massets/chunk-FMBD7UC4-1b244728.js                [39m[1m[2m    0.36 kB[22m[1m[22m[2m Γöé gzip:   0.27 kB[22m
[2mdist/[22m[36massets/stateDiagram-v2-4FDKWEC3-06b1976d.js      [39m[1m[2m    0.44 kB[22m[1m[22m[2m Γöé gzip:   0.30 kB[22m
[2mdist/[22m[36massets/classDiagram-v2-WZHVMYZB-ad36316a.js      [39m[1m[2m    0.47 kB[22m[1m[22m[2m Γöé gzip:   0.31 kB[22m
[2mdist/[22m[36massets/classDiagram-2ON5EDUG-ad36316a.js         [39m[1m[2m    0.47 kB[22m[1m[22m[2m Γöé gzip:   0.31 kB[22m
[2mdist/[22m[36massets/chunk-QN33PNHL-7e5947be.js                [39m[1m[2m    0.50 kB[22m[1m[22m[2m Γöé gzip:   0.36 kB[22m
[2mdist/[22m[36massets/min-81a5e01d.js                           [39m[1m[2m    0.59 kB[22m[1m[22m[2m Γöé gzip:   0.37 kB[22m
[2mdist/[22m[36massets/infoDiagram-WHAUD3N6-c2bacf34.js          [39m[1m[2m    0.70 kB[22m[1m[22m[2m Γöé gzip:   0.44 kB[22m
[2mdist/[22m[36massets/azcli-c4358445.js                         [39m[1m[2m    1.09 kB[22m[1m[22m[2m Γöé gzip:   0.46 kB[22m
[2mdist/[22m[36massets/javascript-b6c89eb4.js                    [39m[1m[2m    1.19 kB[22m[1m[22m[2m Γöé gzip:   0.62 kB[22m
[2mdist/[22m[36massets/ini-83ae2a3a.js                           [39m[1m[2m    1.35 kB[22m[1m[22m[2m Γöé gzip:   0.68 kB[22m
[2mdist/[22m[36massets/chunk-TZMSLE5B-4b738c03.js                [39m[1m[2m    1.41 kB[22m[1m[22m[2m Γöé gzip:   0.62 kB[22m
[2mdist/[22m[36massets/csp-dba4fa86.js                           [39m[1m[2m    1.67 kB[22m[1m[22m[2m Γöé gzip:   0.67 kB[22m
[2mdist/[22m[36massets/addon-fit-251eca62.js                     [39m[1m[2m    1.78 kB[22m[1m[22m[2m Γöé gzip:   0.82 kB[22m
[2mdist/[22m[36massets/pla-09e93e1b.js                           [39m[1m[2m    1.93 kB[22m[1m[22m[2m Γöé gzip:   0.79 kB[22m
[2mdist/[22m[36massets/scheme-86110af1.js                        [39m[1m[2m    2.01 kB[22m[1m[22m[2m Γöé gzip:   0.97 kB[22m
[2mdist/[22m[36massets/flow9-049a8a6c.js                         [39m[1m[2m    2.06 kB[22m[1m[22m[2m Γöé gzip:   1.00 kB[22m
[2mdist/[22m[36massets/sb-b221a0fc.js                            [39m[1m[2m    2.08 kB[22m[1m[22m[2m Γöé gzip:   0.97 kB[22m
[2mdist/[22m[36massets/bat-eaac827b.js                           [39m[1m[2m    2.09 kB[22m[1m[22m[2m Γöé gzip:   1.01 kB[22m
[2mdist/[22m[36massets/dockerfile-ff7f0401.js                    [39m[1m[2m    2.12 kB[22m[1m[22m[2m Γöé gzip:   0.82 kB[22m
[2mdist/[22m[36massets/pascaligo-013c6c0b.js                     [39m[1m[2m    2.25 kB[22m[1m[22m[2m Γöé gzip:   1.06 kB[22m
[2mdist/[22m[36massets/lua-96829d0e.js                           [39m[1m[2m    2.37 kB[22m[1m[22m[2m Γöé gzip:   1.07 kB[22m
[2mdist/[22m[36massets/cameligo-ff939f45.js                      [39m[1m[2m    2.43 kB[22m[1m[22m[2m Γöé gzip:   1.11 kB[22m
[2mdist/[22m[36massets/graphql-e5a73eb7.js                       [39m[1m[2m    2.51 kB[22m[1m[22m[2m Γöé gzip:   1.17 kB[22m
[2mdist/[22m[36massets/objective-c-64e6f89b.js                   [39m[1m[2m    2.65 kB[22m[1m[22m[2m Γöé gzip:   1.20 kB[22m
[2mdist/[22m[36massets/lexon-8bf535e2.js                         [39m[1m[2m    2.68 kB[22m[1m[22m[2m Γöé gzip:   1.07 kB[22m
[2mdist/[22m[36massets/xml-86abe0d7.js                           [39m[1m[2m    2.69 kB[22m[1m[22m[2m Γöé gzip:   1.11 kB[22m
[2mdist/[22m[36massets/bicep-9f8671bb.js                         [39m[1m[2m    2.78 kB[22m[1m[22m[2m Γöé gzip:   1.11 kB[22m
[2mdist/[22m[36massets/sparql-28fc150c.js                        [39m[1m[2m    2.80 kB[22m[1m[22m[2m Γöé gzip:   1.31 kB[22m
[2mdist/[22m[36massets/mips-361940ec.js                          [39m[1m[2m    2.83 kB[22m[1m[22m[2m Γöé gzip:   1.22 kB[22m
[2mdist/[22m[36massets/go-d4bfa116.js                            [39m[1m[2m    2.90 kB[22m[1m[22m[2m Γöé gzip:   1.29 kB[22m
[2mdist/[22m[36massets/sophia-bc45fa87.js                        [39m[1m[2m    3.01 kB[22m[1m[22m[2m Γöé gzip:   1.36 kB[22m
[2mdist/[22m[36massets/m3-815f612a.js                            [39m[1m[2m    3.06 kB[22m[1m[22m[2m Γöé gzip:   1.47 kB[22m
[2mdist/[22m[36massets/qsharp-eed62033.js                        [39m[1m[2m    3.18 kB[22m[1m[22m[2m Γöé gzip:   1.51 kB[22m
[2mdist/[22m[36massets/fsharp-535d9fe2.js                        [39m[1m[2m    3.23 kB[22m[1m[22m[2m Γöé gzip:   1.47 kB[22m
[2mdist/[22m[36massets/pascal-e1cbffd7.js                        [39m[1m[2m    3.24 kB[22m[1m[22m[2m Γöé gzip:   1.55 kB[22m
[2mdist/[22m[36massets/shell-0ca4f4ad.js                         [39m[1m[2m    3.32 kB[22m[1m[22m[2m Γöé gzip:   1.35 kB[22m
[2mdist/[22m[36massets/r-8ce27f67.js                             [39m[1m[2m    3.38 kB[22m[1m[22m[2m Γöé gzip:   1.42 kB[22m
[2mdist/[22m[36massets/java-4806d9f5.js                          [39m[1m[2m    3.47 kB[22m[1m[22m[2m Γöé gzip:   1.55 kB[22m
[2mdist/[22m[36massets/powershell-b433b622.js                    [39m[1m[2m    3.52 kB[22m[1m[22m[2m Γöé gzip:   1.53 kB[22m
[2mdist/[22m[36massets/cypher-4b1a5b20.js                        [39m[1m[2m    3.63 kB[22m[1m[22m[2m Γöé gzip:   1.58 kB[22m
[2mdist/[22m[36massets/kotlin-ed14cfc6.js                        [39m[1m[2m    3.69 kB[22m[1m[22m[2m Γöé gzip:   1.63 kB[22m
[2mdist/[22m[36massets/redis-aec7cdf4.js                         [39m[1m[2m    3.80 kB[22m[1m[22m[2m Γöé gzip:   1.64 kB[22m
[2mdist/[22m[36massets/tcl-37e129b8.js                           [39m[1m[2m    3.82 kB[22m[1m[22m[2m Γöé gzip:   1.52 kB[22m
[2mdist/[22m[36massets/hcl-8b69c899.js                           [39m[1m[2m    3.84 kB[22m[1m[22m[2m Γöé gzip:   1.64 kB[22m
[2mdist/[22m[36massets/coffee-97023918.js                        [39m[1m[2m    3.84 kB[22m[1m[22m[2m Γöé gzip:   1.45 kB[22m
[2mdist/[22m[36massets/python-da595213.js                        [39m[1m[2m    3.90 kB[22m[1m[22m[2m Γöé gzip:   1.73 kB[22m
[2mdist/[22m[36massets/pieDiagram-ADFJNKIX-9613ae5e.js           [39m[1m[2m    4.02 kB[22m[1m[22m[2m Γöé gzip:   1.84 kB[22m
[2mdist/[22m[36massets/markdown-1cddbf33.js                      [39m[1m[2m    4.03 kB[22m[1m[22m[2m Γöé gzip:   1.54 kB[22m
[2mdist/[22m[36massets/restructuredtext-a9e4c4cc.js              [39m[1m[2m    4.14 kB[22m[1m[22m[2m Γöé gzip:   1.52 kB[22m
[2mdist/[22m[36massets/less-58d9b66b.js                          [39m[1m[2m    4.14 kB[22m[1m[22m[2m Γöé gzip:   1.57 kB[22m
[2mdist/[22m[36massets/apex-fc8a734c.js                          [39m[1m[2m    4.20 kB[22m[1m[22m[2m Γöé gzip:   1.91 kB[22m
[2mdist/[22m[36massets/liquid-306ca5d3.js                        [39m[1m[2m    4.24 kB[22m[1m[22m[2m Γöé gzip:   1.81 kB[22m
[2mdist/[22m[36massets/yaml-eb674aa0.js                          [39m[1m[2m    4.30 kB[22m[1m[22m[2m Γöé gzip:   1.67 kB[22m
[2mdist/[22m[36massets/diagram-S2PKOQOG-460e4a7f.js              [39m[1m[2m    4.31 kB[22m[1m[22m[2m Γöé gzip:   1.88 kB[22m
[2mdist/[22m[36massets/rust-9669a673.js                          [39m[1m[2m    4.41 kB[22m[1m[22m[2m Γöé gzip:   1.97 kB[22m
[2mdist/[22m[36massets/dart-c70c4314.js                          [39m[1m[2m    4.50 kB[22m[1m[22m[2m Γöé gzip:   1.80 kB[22m
[2mdist/[22m[36massets/css-f18eed00.js                           [39m[1m[2m    4.76 kB[22m[1m[22m[2m Γöé gzip:   1.54 kB[22m
[2mdist/[22m[36massets/csharp-0765aa28.js                        [39m[1m[2m    4.77 kB[22m[1m[22m[2m Γöé gzip:   1.88 kB[22m
[2mdist/[22m[36massets/pug-b7980504.js                           [39m[1m[2m    5.07 kB[22m[1m[22m[2m Γöé gzip:   1.80 kB[22m
[2mdist/[22m[36massets/mdx-82efc281.js                           [39m[1m[2m    5.14 kB[22m[1m[22m[2m Γöé gzip:   1.59 kB[22m
[2mdist/[22m[36massets/msdax-b98f6248.js                         [39m[1m[2m    5.16 kB[22m[1m[22m[2m Γöé gzip:   2.11 kB[22m
[2mdist/[22m[36massets/html-ebb07521.js                          [39m[1m[2m    5.30 kB[22m[1m[22m[2m Γöé gzip:   1.55 kB[22m
[2mdist/[22m[36massets/swift-3b85cc8e.js                         [39m[1m[2m    5.42 kB[22m[1m[22m[2m Γöé gzip:   2.22 kB[22m
[2mdist/[22m[36massets/ecl-3129e183.js                           [39m[1m[2m    5.59 kB[22m[1m[22m[2m Γöé gzip:   2.38 kB[22m
[2mdist/[22m[36massets/typescript-c3c3698a.js                    [39m[1m[2m    5.69 kB[22m[1m[22m[2m Γöé gzip:   2.32 kB[22m
[2mdist/[22m[36massets/cpp-a410d69a.js                           [39m[1m[2m    5.72 kB[22m[1m[22m[2m Γöé gzip:   2.29 kB[22m
[2mdist/[22m[36massets/diagram-QEK2KX5R-8581c481.js              [39m[1m[2m    5.92 kB[22m[1m[22m[2m Γöé gzip:   2.49 kB[22m
[2mdist/[22m[36massets/vb-77962f32.js                            [39m[1m[2m    6.04 kB[22m[1m[22m[2m Γöé gzip:   2.21 kB[22m
[2mdist/[22m[36massets/twig-1734ec31.js                          [39m[1m[2m    6.22 kB[22m[1m[22m[2m Γöé gzip:   1.68 kB[22m
[2mdist/[22m[36massets/scss-7da24d39.js                          [39m[1m[2m    6.66 kB[22m[1m[22m[2m Γöé gzip:   1.90 kB[22m
[2mdist/[22m[36massets/handlebars-72e02250.js                    [39m[1m[2m    7.06 kB[22m[1m[22m[2m Γöé gzip:   1.76 kB[22m
[2mdist/[22m[36massets/julia-334b5fb9.js                         [39m[1m[2m    7.34 kB[22m[1m[22m[2m Γöé gzip:   2.81 kB[22m
[2mdist/[22m[36massets/scala-9222416a.js                         [39m[1m[2m    7.56 kB[22m[1m[22m[2m Γöé gzip:   2.25 kB[22m
[2mdist/[22m[36massets/wgsl-e67d25e4.js                          [39m[1m[2m    7.58 kB[22m[1m[22m[2m Γöé gzip:   2.88 kB[22m
[2mdist/[22m[36massets/st-c45997f6.js                            [39m[1m[2m    7.64 kB[22m[1m[22m[2m Γöé gzip:   2.39 kB[22m
[2mdist/[22m[36massets/systemverilog-2ec460af.js                 [39m[1m[2m    7.85 kB[22m[1m[22m[2m Γöé gzip:   2.91 kB[22m
[2mdist/[22m[36massets/postiats-429bd8e8.js                      [39m[1m[2m    8.10 kB[22m[1m[22m[2m Γöé gzip:   2.59 kB[22m
[2mdist/[22m[36massets/php-fb65b6b4.js                           [39m[1m[2m    8.27 kB[22m[1m[22m[2m Γöé gzip:   2.22 kB[22m
[2mdist/[22m[36massets/perl-d9423546.js                          [39m[1m[2m    8.50 kB[22m[1m[22m[2m Γöé gzip:   3.29 kB[22m
[2mdist/[22m[36massets/_baseUniq-d18c7b7e.js                     [39m[1m[2m    8.75 kB[22m[1m[22m[2m Γöé gzip:   3.65 kB[22m
[2mdist/[22m[36massets/ruby-c9974e35.js                          [39m[1m[2m    8.75 kB[22m[1m[22m[2m Γöé gzip:   2.73 kB[22m
[2mdist/[22m[36massets/razor-85f8c0d3.js                         [39m[1m[2m    9.06 kB[22m[1m[22m[2m Γöé gzip:   2.45 kB[22m
[2mdist/[22m[36massets/protobuf-3e557056.js                      [39m[1m[2m    9.29 kB[22m[1m[22m[2m Γöé gzip:   2.23 kB[22m
[2mdist/[22m[36massets/graph-4496169e.js                         [39m[1m[2m    9.45 kB[22m[1m[22m[2m Γöé gzip:   3.24 kB[22m
[2mdist/[22m[36massets/clojure-4a1da11c.js                       [39m[1m[2m    9.89 kB[22m[1m[22m[2m Γöé gzip:   3.77 kB[22m
[2mdist/[22m[36massets/stateDiagram-FKZM4ZOC-f2128fed.js         [39m[1m[2m   10.41 kB[22m[1m[22m[2m Γöé gzip:   3.66 kB[22m
[2mdist/[22m[36massets/elixir-ac388b4d.js                        [39m[1m[2m   10.50 kB[22m[1m[22m[2m Γöé gzip:   2.69 kB[22m
[2mdist/[22m[36massets/sql-96f7b353.js                           [39m[1m[2m   10.54 kB[22m[1m[22m[2m Γöé gzip:   4.01 kB[22m
[2mdist/[22m[36massets/dagre-6UL2VRFP-5ab85eb9.js                [39m[1m[2m   11.03 kB[22m[1m[22m[2m Γöé gzip:   4.12 kB[22m
[2mdist/[22m[36massets/diagram-PSM6KHXK-db260a68.js              [39m[1m[2m   11.03 kB[22m[1m[22m[2m Γöé gzip:   3.89 kB[22m
[2mdist/[22m[36massets/mysql-b4d05809.js                         [39m[1m[2m   11.52 kB[22m[1m[22m[2m Γöé gzip:   4.22 kB[22m
[2mdist/[22m[36massets/redshift-7d933e7a.js                      [39m[1m[2m   12.05 kB[22m[1m[22m[2m Γöé gzip:   4.49 kB[22m
[2mdist/[22m[36massets/pgsql-423e077d.js                         [39m[1m[2m   13.71 kB[22m[1m[22m[2m Γöé gzip:   4.65 kB[22m
[2mdist/[22m[36massets/abap-e5f08dc1.js                          [39m[1m[2m   14.41 kB[22m[1m[22m[2m Γöé gzip:   5.46 kB[22m
[2mdist/[22m[36massets/freemarker2-0120d010.js                   [39m[1m[2m   16.38 kB[22m[1m[22m[2m Γöé gzip:   4.31 kB[22m
[2mdist/[22m[36massets/powerquery-0470a494.js                    [39m[1m[2m   17.19 kB[22m[1m[22m[2m Γöé gzip:   5.01 kB[22m
[2mdist/[22m[36massets/solidity-0072896b.js                      [39m[1m[2m   18.84 kB[22m[1m[22m[2m Γöé gzip:   4.62 kB[22m
[2mdist/[22m[36massets/kanban-definition-3W4ZIXB7-f11ad358.js    [39m[1m[2m   20.24 kB[22m[1m[22m[2m Γöé gzip:   7.19 kB[22m
[2mdist/[22m[36massets/mindmap-definition-VGOIOE7T-7777caad.js   [39m[1m[2m   21.11 kB[22m[1m[22m[2m Γöé gzip:   7.40 kB[22m
[2mdist/[22m[36massets/sankeyDiagram-TZEHDZUN-73c9106d.js        [39m[1m[2m   21.92 kB[22m[1m[22m[2m Γöé gzip:   8.02 kB[22m
[2mdist/[22m[36massets/tsMode-4d424ae5.js                        [39m[1m[2m   22.82 kB[22m[1m[22m[2m Γöé gzip:   6.48 kB[22m
[2mdist/[22m[36massets/journeyDiagram-XKPGCS4Q-e5a2179d.js       [39m[1m[2m   23.56 kB[22m[1m[22m[2m Γöé gzip:   8.34 kB[22m
[2mdist/[22m[36massets/timeline-definition-IT6M3QCI-c18828e0.js  [39m[1m[2m   23.60 kB[22m[1m[22m[2m Γöé gzip:   8.24 kB[22m
[2mdist/[22m[36massets/gitGraphDiagram-NY62KEGX-fe7633cc.js      [39m[1m[2m   24.14 kB[22m[1m[22m[2m Γöé gzip:   7.43 kB[22m
[2mdist/[22m[36massets/erDiagram-Q2GNP2WA-dba7e057.js            [39m[1m[2m   25.24 kB[22m[1m[22m[2m Γöé gzip:   8.84 kB[22m
[2mdist/[22m[36massets/layout-92b87d08.js                        [39m[1m[2m   29.55 kB[22m[1m[22m[2m Γöé gzip:  10.66 kB[22m
[2mdist/[22m[36massets/requirementDiagram-UZGBJVZJ-42ea01be.js   [39m[1m[2m   30.12 kB[22m[1m[22m[2m Γöé gzip:   9.44 kB[22m
[2mdist/[22m[36massets/cssMode-5088407a.js                       [39m[1m[2m   33.46 kB[22m[1m[22m[2m Γöé gzip:   8.86 kB[22m
[2mdist/[22m[36massets/quadrantDiagram-AYHSOK5B-c3549b78.js      [39m[1m[2m   33.78 kB[22m[1m[22m[2m Γöé gzip:   9.92 kB[22m
[2mdist/[22m[36massets/htmlMode-df9bee53.js                      [39m[1m[2m   34.01 kB[22m[1m[22m[2m Γöé gzip:   8.98 kB[22m
[2mdist/[22m[36massets/icons-a20cf8aa.js                         [39m[1m[2m   35.17 kB[22m[1m[22m[2m Γöé gzip:   6.62 kB[22m
[2mdist/[22m[36massets/chunk-DI55MBZ5-3040bd8e.js                [39m[1m[2m   36.31 kB[22m[1m[22m[2m Γöé gzip:  11.84 kB[22m
[2mdist/[22m[36massets/xychartDiagram-PRI3JC2R-9e4d5874.js       [39m[1m[2m   38.86 kB[22m[1m[22m[2m Γöé gzip:  10.93 kB[22m
[2mdist/[22m[36massets/jsonMode-d611e1f5.js                      [39m[1m[2m   39.46 kB[22m[1m[22m[2m Γöé gzip:  11.02 kB[22m
[2mdist/[22m[36massets/chunk-B4BG7PRW-ef006a6d.js                [39m[1m[2m   45.31 kB[22m[1m[22m[2m Γöé gzip:  14.70 kB[22m
[2mdist/[22m[36massets/ganttDiagram-JELNMOA3-39229b74.js         [39m[1m[2m   48.17 kB[22m[1m[22m[2m Γöé gzip:  16.48 kB[22m
[2mdist/[22m[36massets/flowDiagram-NV44I4VS-f81fd4ea.js          [39m[1m[2m   60.45 kB[22m[1m[22m[2m Γöé gzip:  19.44 kB[22m
[2mdist/[22m[36massets/c4Diagram-YG6GDRKO-43d181f9.js            [39m[1m[2m   70.16 kB[22m[1m[22m[2m Γöé gzip:  19.69 kB[22m
[2mdist/[22m[36massets/blockDiagram-VD42YOAC-f0769c2b.js         [39m[1m[2m   71.81 kB[22m[1m[22m[2m Γöé gzip:  20.50 kB[22m
[2mdist/[22m[36massets/cose-bilkent-S5V4N54A-d57f87d5.js         [39m[1m[2m   81.57 kB[22m[1m[22m[2m Γöé gzip:  22.46 kB[22m
[2mdist/[22m[36massets/sequenceDiagram-WL72ISMW-0d125a59.js      [39m[1m[2m   97.90 kB[22m[1m[22m[2m Γöé gzip:  26.90 kB[22m
[2mdist/[22m[36massets/react-vendor-2ceb2691.js                  [39m[1m[2m  141.03 kB[22m[1m[22m[2m Γöé gzip:  45.33 kB[22m
[2mdist/[22m[36massets/architectureDiagram-VXUJARFQ-b3e7b33e.js  [39m[1m[2m  148.43 kB[22m[1m[22m[2m Γöé gzip:  42.02 kB[22m
[2mdist/[22m[36massets/katex-715ce459.js                         [39m[1m[2m  262.64 kB[22m[1m[22m[2m Γöé gzip:  77.50 kB[22m
[2mdist/[22m[36massets/xterm-e2bb251d.js                         [39m[1m[2m  288.81 kB[22m[1m[22m[2m Γöé gzip:  72.00 kB[22m
[2mdist/[22m[36massets/mermaid-parser.core-55e03eb2.js           [39m[1m[2m  375.86 kB[22m[1m[22m[2m Γöé gzip:  93.43 kB[22m
[2mdist/[22m[36massets/main-273939a3.js                          [39m[1m[2m  423.40 kB[22m[1m[22m[2m Γöé gzip: 119.19 kB[22m
[2mdist/[22m[36massets/cytoscape.esm-42db20a5.js                 [39m[1m[2m  442.37 kB[22m[1m[22m[2m Γöé gzip: 141.89 kB[22m
[2mdist/[22m[36massets/markdown-0b32ed5d.js                      [39m[1m[2m  536.86 kB[22m[1m[22m[2m Γöé gzip: 152.52 kB[22m
[2mdist/[22m[36massets/monaco-editor-676e74e1.js                 [39m[1m[2m3,113.91 kB[22m[1m[22m[2m Γöé gzip: 793.34 kB[22m
[32mΓ£ô built in 55.77s[39m
BUILD_EXIT_CODE: 0
